../Core/Src/stm32g4xx_it.c:85:6:NMI_Handler	4	static
../Core/Src/stm32g4xx_it.c:100:6:HardFault_Handler	4	static
../Core/Src/stm32g4xx_it.c:115:6:MemManage_Handler	4	static
../Core/Src/stm32g4xx_it.c:130:6:BusFault_Handler	4	static
../Core/Src/stm32g4xx_it.c:145:6:UsageFault_Handler	4	static
../Core/Src/stm32g4xx_it.c:160:6:SVC_Handler	4	static
../Core/Src/stm32g4xx_it.c:173:6:DebugMon_Handler	4	static
../Core/Src/stm32g4xx_it.c:186:6:PendSV_Handler	4	static
../Core/Src/stm32g4xx_it.c:199:6:SysTick_Handler	8	static
../Core/Src/stm32g4xx_it.c:220:6:DMA1_Channel1_IRQHandler	8	static
../Core/Src/stm32g4xx_it.c:234:6:DMA1_Channel2_IRQHandler	8	static
../Core/Src/stm32g4xx_it.c:248:6:TIM1_UP_TIM16_IRQHandler	8	static
../Core/Src/stm32g4xx_it.c:270:6:USART2_IRQHandler	16	static
../Core/Src/stm32g4xx_it.c:285:6:can_tx_rx	96	static
