../Core/Src/stm32g4xx_it.c:86:6:NMI_Handler	4	static
../Core/Src/stm32g4xx_it.c:101:6:HardFault_Handler	4	static
../Core/Src/stm32g4xx_it.c:116:6:MemManage_Handler	4	static
../Core/Src/stm32g4xx_it.c:131:6:BusFault_Handler	4	static
../Core/Src/stm32g4xx_it.c:146:6:UsageFault_Handler	4	static
../Core/Src/stm32g4xx_it.c:161:6:SVC_Handler	4	static
../Core/Src/stm32g4xx_it.c:174:6:DebugMon_Handler	4	static
../Core/Src/stm32g4xx_it.c:187:6:PendSV_Handler	4	static
../Core/Src/stm32g4xx_it.c:200:6:SysTick_Handler	8	static
../Core/Src/stm32g4xx_it.c:221:6:DMA1_Channel1_IRQHandler	8	static
../Core/Src/stm32g4xx_it.c:235:6:DMA1_Channel2_IRQHandler	8	static
../Core/Src/stm32g4xx_it.c:249:6:FDCAN1_IT0_IRQHandler	8	static
../Core/Src/stm32g4xx_it.c:281:6:TIM1_UP_TIM16_IRQHandler	8	static
../Core/Src/stm32g4xx_it.c:306:6:USART2_IRQHandler	16	static
